// Vitest Snapshot v1, https://vitest.dev/guide/snapshot.html

exports[`Header component > should render correct elements 1`] = `<div />`;
