// Vitest Snapshot v1, https://vitest.dev/guide/snapshot.html

exports[`Error page > should render correct elements 1`] = `
<div>
  <div
    class="_container_6adc08"
  >
    <h1>
      Looks like you are lost!
    </h1>
    <p>
      Unexpected error occurred
    </p>
    <a
      href="/"
    >
      Head Back!
    </a>
  </div>
</div>
`;
